C51 COMPILER V9.60.0.0   WS2812                                                            08/11/2020 12:23:24 PAGE 1   


C51 COMPILER V9.60.0.0, COMPILATION OF MODULE WS2812
OBJECT MODULE PLACED IN .\src\ws2812.OBJ
COMPILER INVOKED BY: c:\SiliconLabs\SimplicityStudio\v4\developer\toolchains\keil_8051\9.60\BIN\C51.exe C:\Users\acvig\S
                    -implicityStudio\v4_workspace\KineticTiles\src\ws2812.c OMF2 SMALL DEBUG OBJECTEXTEND ROM(LARGE) WARNINGLEVEL(2) FLOATFUZ
                    -ZY(3) OPTIMIZE(8,SPEED) INTVECTOR(0X0000) INTPROMOTE INCDIR(C:\Users\acvig\SimplicityStudio\v4_workspace\KineticTiles\in
                    -c;C:/SiliconLabs/SimplicityStudio/v4/developer/sdks/8051/v4.1.7//kits/common/drivers/efm8_retargetserial;C:/SiliconLabs/
                    -SimplicityStudio/v4/developer/sdks/8051/v4.1.7//Device/shared/si8051Base;C:/SiliconLabs/SimplicityStudio/v4/developer/sd
                    -ks/8051/v4.1.7//Device/EFM8BB1/inc) PRINT(.\src\ws2812.lst) COND PAGEWIDTH(120) PAGELENGTH(65) OBJECT(.\src\ws2812.OBJ)

line level    source

   1          /*
   2           * ws2812.c
   3           *
   4           *  Created on: Aug 4, 2020
   5           *      Author: acvig
   6           */
   7          #include <SI_EFM8BB1_Register_Enums.h>
   8          #include <math.h>
   9          SI_SBIT(PIX, SFR_P1, 0);
  10          
  11          //gamma correction function for more uniform colors.
  12          int gamma(uint8_t i) {
  13   1          return (int) (pow((float) i / (float) 255, 2.8) * 255 + 0.5);
  14   1      }
  15          
  16          void LED__SendZero_(void) {
  17   1          PIX = 1;
  18   1          _nop_();
  19   1          _nop_();
  20   1          _nop_();
  21   1          _nop_();
  22   1          _nop_();
  23   1          _nop_();
  24   1          _nop_();
  25   1          _nop_();
  26   1          PIX = 0;
  27   1          _nop_();
  28   1          _nop_();
  29   1          _nop_();
  30   1          _nop_();
  31   1      }
  32          void LED__SendOne_(void) {
  33   1          _nop_();
  34   1          _nop_();
  35   1          _nop_();
  36   1          _nop_();
  37   1          _nop_();
  38   1          _nop_();
  39   1          _nop_();
  40   1          _nop_();
  41   1          _nop_();
  42   1          _nop_();
  43   1          _nop_();
  44   1          _nop_();
  45   1          _nop_();
  46   1          _nop_();
  47   1          _nop_();
  48   1          PIX = 0;
  49   1          //No NoOPs here because the if statement in SendByte takes 6-7 clock cycles (same as 6-7 NoOPs) +- 150
             -ms
  50   1          //Saleae doesn't see it as a valid ws2812 signal, but they still light up :/
C51 COMPILER V9.60.0.0   WS2812                                                            08/11/2020 12:23:24 PAGE 2   

  51   1      }
  52          void LED_Latch(void) {
  53   1          short a = 10000;
  54   1          PIX = 0;
  55   1      //Each loop should produce 3 instructions: decrement, comparison, and jmp.
  56   1      //At least 600 instructions are needed for 50us.
  57   1          while (a--)
  58   1              ;
  59   1      }
  60          void LED__SendByte_(unsigned char dat) {
  61   1          if (dat & 0x80) {
  62   2              PIX = 1;
  63   2              LED__SendOne_();
  64   2          } else
  65   1              LED__SendZero_();
  66   1          if (dat & 0x40) {
  67   2              PIX = 1;
  68   2              LED__SendOne_();
  69   2          } else
  70   1              LED__SendZero_();
  71   1          if (dat & 0x20) {
  72   2              PIX = 1;
  73   2              LED__SendOne_();
  74   2          } else
  75   1              LED__SendZero_();
  76   1          if (dat & 0x10) {
  77   2              PIX = 1;
  78   2              LED__SendOne_();
  79   2          } else
  80   1              LED__SendZero_();
  81   1          if (dat & 0x08) {
  82   2              PIX = 1;
  83   2              LED__SendOne_();
  84   2          } else
  85   1              LED__SendZero_();
  86   1          if (dat & 0x04) {
  87   2              PIX = 1;
  88   2              LED__SendOne_();
  89   2          } else
  90   1              LED__SendZero_();
  91   1          if (dat & 0x02) {
  92   2              PIX = 1;
  93   2              LED__SendOne_();
  94   2          } else
  95   1              LED__SendZero_();
  96   1          if (dat & 0x01) {
  97   2              PIX = 1;
  98   2              LED__SendOne_();
  99   2          } else
 100   1              LED__SendZero_();
 101   1      }
 102          
 103          void LED_main(unsigned char g, unsigned char r, unsigned char b) {
 104   1          int i;
 105   1          uint8_t nr = gamma(r);
 106   1          uint8_t ng = gamma(g);
 107   1          uint8_t nb = gamma(b);
 108   1      
 109   1          //Send, latch, and send again because first pixel might not light up on the first go round.
 110   1          for (i = 0; i < 9; i++) {
 111   2              LED__SendByte_(nr);
 112   2              LED__SendByte_(ng);
 113   2              LED__SendByte_(nb);
C51 COMPILER V9.60.0.0   WS2812                                                            08/11/2020 12:23:24 PAGE 3   

 114   2          }
 115   1          LED_Latch();
 116   1          for (i = 0; i < 9; i++) {
 117   2              LED__SendByte_(nr);
 118   2              LED__SendByte_(ng);
 119   2              LED__SendByte_(nb);
 120   2          }
 121   1          LED_Latch();
 122   1      }


MODULE INFORMATION:   STATIC OVERLAYABLE
   CODE SIZE        =    294    ----
   CONSTANT SIZE    =   ----    ----
   XDATA SIZE       =   ----    ----
   PDATA SIZE       =   ----    ----
   DATA SIZE        =   ----       4
   IDATA SIZE       =   ----    ----
   BIT SIZE         =   ----    ----
   EDATA SIZE       =   ----    ----
   HDATA SIZE       =   ----    ----
   XDATA CONST SIZE =   ----    ----
   FAR CONST SIZE   =   ----    ----
END OF MODULE INFORMATION.


C51 COMPILATION COMPLETE.  0 WARNING(S),  0 ERROR(S)
